### Section clean
cd %BUILDTEST%/RerunTest.othervm/work/scratch && \
rm -f %BUILDTEST%/RerunTest.othervm/work/classes/std/CleanTest.d/CleanTest.class

### Section clean
cd %BUILDTEST%/RerunTest.othervm/work/scratch && \
for f in %BUILDTEST%/RerunTest.othervm/work/classes/std/CleanTest.d/p/*; do
  if [ -f $f ]; then rm $f ; fi
done

