### Section compile
cd %BUILD%/RerunTest.agentvm/work/scratch && \
DISPLAY=%DISPLAY% \
HOME=%HOME% \
LANG=en_US.UTF-8 \
MY_ENV_VAR=x \
PATH=/bin:/usr/bin:/usr/sbin \
TZ=GMT+0.00 \
    %JDKHOME%/bin/javac \
        -J-Dmy.vm.option=x \
        -J-Dtest.vm.opts=-Dmy.vm.option=x \
        -J-Dtest.tool.vm.opts=-J-Dmy.vm.option=x \
        -J-Dtest.compiler.opts=-XDmy.javac.option=x \
        -J-Dtest.java.opts=-Dmy.java.option=x \
        -J-Dtest.jdk=%JDKHOME% \
        -J-Dcompile.jdk=%JDKHOME% \
        -J-Dtest.timeout.factor=1.0 \
        -J-Dtest.root=%WS%/test/rerun \
        -J-Dtest.name=std/CompileTest.java \
        -J-Dtest.file=%WS%/test/rerun/std/CompileTest.java \
        -J-Dtest.src=%WS%/test/rerun/std \
        -J-Dtest.src.path=%WS%/test/rerun/std \
        -J-Dtest.classes=%BUILD%/RerunTest.agentvm/work/classes/std/CompileTest.d \
        -J-Dtest.class.path=%BUILD%/RerunTest.agentvm/work/classes/std/CompileTest.d \
        -J-Dtest.class.path.prefix=%BUILD%/RerunTest.agentvm/work/classes/std/CompileTest.d:%WS%/test/rerun/std \
        -XDmy.javac.option=x \
        -d %BUILD%/RerunTest.agentvm/work/classes/std/CompileTest.d \
        -sourcepath %WS%/test/rerun/std \
        -classpath %WS%/test/rerun/std:%BUILD%/RerunTest.agentvm/work/classes/std/CompileTest.d:%JDKHOME%/lib/tools.jar %WS%/test/rerun/std/CompileTest.java

