### Section ignore
cd %BUILDTEST%/RerunTest.agentvm/work/scratch && \
# @ignore:  (suppressed)

