### Section ignore
cd %BUILDTEST%/RerunTest.othervm/work/scratch && \
# @ignore:  (suppressed)

