### Section shell
cd %BUILDTEST%/RerunTest.agentvm/work/scratch && \
DISPLAY=%DISPLAY% \
HOME=%HOME% \
LANG=en_US.UTF-8 \
MY_ENV_VAR=x \
PATH=/bin:/usr/bin:/usr/sbin \
TZ=GMT+0.00 \
TESTFILE=%WS%/test/rerun/std/ShellTest.sh \
TESTSRC=%WS%/test/rerun/std \
TESTSRCPATH=%WS%/test/rerun/std \
TESTCLASSES=%BUILDTEST%/RerunTest.agentvm/work/classes/std/ShellTest.d \
TESTCLASSPATH=%BUILDTEST%/RerunTest.agentvm/work/classes/std/ShellTest.d \
COMPILEJAVA=%JDKHOME% \
TESTJAVA=%JDKHOME% \
TESTVMOPTS=-Dmy.vm.option=x \
TESTTOOLVMOPTS=-J-Dmy.vm.option=x \
TESTJAVACOPTS=-XDmy.javac.option=x \
TESTJAVAOPTS=-Dmy.java.option=x \
TESTTIMEOUTFACTOR=1.0 \
TESTROOT=%WS%/test/rerun \
FS=/ \
PS=: \
NULL=/dev/null \
    sh \
        %WS%/test/rerun/std/ShellTest.sh

