### Section compile
cd %BUILDTEST%/RerunTest.agentvm/work/scratch && \
DISPLAY=%DISPLAY% \
HOME=%HOME% \
LANG=en_US.UTF-8 \
MY_ENV_VAR=x \
PATH=/bin:/usr/bin:/usr/sbin \
TZ=GMT+0.00 \
    %JDKHOME%/bin/javac \
        -J-Dmy.vm.option=x \
        -J-Dtest.vm.opts=-Dmy.vm.option=x \
        -J-Dtest.tool.vm.opts=-J-Dmy.vm.option=x \
        -J-Dtest.compiler.opts=-XDmy.javac.option=x \
        -J-Dtest.java.opts=-Dmy.java.option=x \
        -J-Dtest.jdk=%JDKHOME% \
        -J-Dcompile.jdk=%JDKHOME% \
        -J-Dtest.timeout.factor=1.0 \
        -J-Dtest.root=%WS%/test/rerun \
        -J-Dtest.name=std/TestNGTest.java \
        -J-Dtest.file=%WS%/test/rerun/std/TestNGTest.java \
        -J-Dtest.src=%WS%/test/rerun/std \
        -J-Dtest.src.path=%WS%/test/rerun/std \
        -J-Dtest.classes=%BUILDTEST%/RerunTest.agentvm/work/classes/std/TestNGTest.d \
        -J-Dtest.class.path=%BUILDTEST%/RerunTest.agentvm/work/classes/std/TestNGTest.d \
        -J-Dtest.class.path.prefix=%BUILDTEST%/RerunTest.agentvm/work/classes/std/TestNGTest.d:%WS%/test/rerun/std \
        -XDmy.javac.option=x \
        -d %BUILDTEST%/RerunTest.agentvm/work/classes/std/TestNGTest.d \
        -sourcepath %WS%/test/rerun/std \
        -classpath %WS%/test/rerun/std:%BUILDTEST%/RerunTest.agentvm/work/classes/std/TestNGTest.d:%BUILD%/images/jtreg/lib/testng.jar:%JDKHOME%/lib/tools.jar \
        -XDignore.symbol.file=true %WS%/test/rerun/std/TestNGTest.java

### Section testng
cd %BUILDTEST%/RerunTest.agentvm/work/scratch && \
DISPLAY=%DISPLAY% \
HOME=%HOME% \
LANG=en_US.UTF-8 \
MY_ENV_VAR=x \
PATH=/bin:/usr/bin:/usr/sbin \
TZ=GMT+0.00 \
    %JDKHOME%/bin/java \
        -Dtest.vm.opts=-Dmy.vm.option=x \
        -Dtest.tool.vm.opts=-J-Dmy.vm.option=x \
        -Dtest.compiler.opts=-XDmy.javac.option=x \
        -Dtest.java.opts=-Dmy.java.option=x \
        -Dtest.jdk=%JDKHOME% \
        -Dcompile.jdk=%JDKHOME% \
        -Dtest.timeout.factor=1.0 \
        -Dtest.root=%WS%/test/rerun \
        -Dtest.name=std/TestNGTest.java \
        -Dtest.file=%WS%/test/rerun/std/TestNGTest.java \
        -Dtest.src=%WS%/test/rerun/std \
        -Dtest.src.path=%WS%/test/rerun/std \
        -Dtest.classes=%BUILDTEST%/RerunTest.agentvm/work/classes/std/TestNGTest.d \
        -Dtest.class.path=%BUILDTEST%/RerunTest.agentvm/work/classes/std/TestNGTest.d \
        -Dtest.class.path.prefix=%BUILDTEST%/RerunTest.agentvm/work/classes/std/TestNGTest.d:%WS%/test/rerun/std \
        -classpath %BUILDTEST%/RerunTest.agentvm/work/classes/std/TestNGTest.d:%WS%/test/rerun/std:%BUILD%/images/jtreg/lib/testng.jar:%JDKHOME%/lib/tools.jar:%BUILD%/images/jtreg/lib/javatest.jar:%BUILD%/images/jtreg/lib/jtreg.jar \
        com.sun.javatest.regtest.agent.TestNGRunner std/TestNGTest.java false TestNGTest

