### Section compile
cd %BUILDTEST%/RerunTest.othervm/work/scratch && \
DISPLAY=%DISPLAY% \
HOME=%HOME% \
LANG=en_US.UTF-8 \
MY_ENV_VAR=x \
PATH=/bin:/usr/bin:/usr/sbin \
TZ=GMT+0.00 \
    %JDKHOME%/bin/javac \
        -J-Dmy.vm.option=x \
        -J-Dtest.vm.opts=-Dmy.vm.option=x \
        -J-Dtest.tool.vm.opts=-J-Dmy.vm.option=x \
        -J-Dtest.compiler.opts=-XDmy.javac.option=x \
        -J-Dtest.java.opts=-Dmy.java.option=x \
        -J-Dtest.jdk=%JDKHOME% \
        -J-Dcompile.jdk=%JDKHOME% \
        -J-Dtest.timeout.factor=1.0 \
        -J-Dtest.root=%WS%/test/rerun \
        -J-Dtest.name=testng/TestNGTest.java \
        -J-Dtest.file=%WS%/test/rerun/testng/TestNGTest.java \
        -J-Dtest.src=%WS%/test/rerun/testng \
        -J-Dtest.src.path=%WS%/test/rerun/testng \
        -J-Dtest.classes=%BUILDTEST%/RerunTest.othervm/work/classes/testng \
        -J-Dtest.class.path=%BUILDTEST%/RerunTest.othervm/work/classes/testng \
        @%BUILDTEST%/RerunTest.othervm/work/testng/TestNGTest.d/compile.0.jta

### Section testng
cd %BUILDTEST%/RerunTest.othervm/work/scratch && \
DISPLAY=%DISPLAY% \
HOME=%HOME% \
LANG=en_US.UTF-8 \
MY_ENV_VAR=x \
PATH=/bin:/usr/bin:/usr/sbin \
TZ=GMT+0.00 \
CLASSPATH=%BUILDTEST%/RerunTest.othervm/work/classes/testng:%WS%/test/rerun/testng:%BUILD%/images/jtreg/lib/testng.jar:%JDKHOME%/lib/tools.jar:%BUILD%/images/jtreg/lib/javatest.jar:%BUILD%/images/jtreg/lib/jtreg.jar \
    %JDKHOME%/bin/java \
        -Dtest.vm.opts=-Dmy.vm.option=x \
        -Dtest.tool.vm.opts=-J-Dmy.vm.option=x \
        -Dtest.compiler.opts=-XDmy.javac.option=x \
        -Dtest.java.opts=-Dmy.java.option=x \
        -Dtest.jdk=%JDKHOME% \
        -Dcompile.jdk=%JDKHOME% \
        -Dtest.timeout.factor=1.0 \
        -Dtest.root=%WS%/test/rerun \
        -Dtest.name=testng/TestNGTest.java \
        -Dtest.file=%WS%/test/rerun/testng/TestNGTest.java \
        -Dtest.src=%WS%/test/rerun/testng \
        -Dtest.src.path=%WS%/test/rerun/testng \
        -Dtest.classes=%BUILDTEST%/RerunTest.othervm/work/classes/testng \
        -Dtest.class.path=%BUILDTEST%/RerunTest.othervm/work/classes/testng \
        -Dmy.vm.option=x \
        -Dmy.java.option=x \
        com.sun.javatest.regtest.agent.MainWrapper %BUILDTEST%/RerunTest.othervm/work/testng/TestNGTest.d/testng.1.jta testng/TestNGTest.java false TestNGTest

